// Jest Snapshot v1, https://goo.gl/fbAQLP

exports[`App renders 1`] = `
<DocumentFragment>
  <h1
    class="app__title  text-center p-3 mb-3"
    data-testid="h1"
  >
    Title
  </h1>
</DocumentFragment>
`;
