// Jest Snapshot v1, https://goo.gl/fbAQLP

exports[`App renders 1`] = `
<DocumentFragment>
  <h1
    class="app__title bg-light p-3 mb-3"
    data-testid="h1"
  >
    Pokemon
  </h1>
  <div
    class="app"
  >
    <div
      class="container-xl pb-4"
    >
      <div
        class="loader__container"
      >
        <div
          class="loader"
          data-testid="loader"
        >
          <div />
          <div />
          <div />
          <div />
        </div>
      </div>
    </div>
  </div>
</DocumentFragment>
`;
